<testsuites id="" name="" tests="7" failures="0" skipped="0" errors="0" time="36.838001000000006">
<testsuite name="dashboard-mobile.spec.ts" timestamp="2025-10-08T07:02:58.508Z" hostname="chromium" tests="1" failures="0" skipped="0" time="4.148" errors="0">
<testcase name="Dashboard Mobile Responsiveness › should display dashboard correctly on mobile (375px)" classname="dashboard-mobile.spec.ts" time="4.148">
</testcase>
</testsuite>
<testsuite name="dashboard-mobile.spec.ts" timestamp="2025-10-08T07:02:58.508Z" hostname="firefox" tests="1" failures="0" skipped="0" time="7.027" errors="0">
<testcase name="Dashboard Mobile Responsiveness › should display dashboard correctly on mobile (375px)" classname="dashboard-mobile.spec.ts" time="7.027">
</testcase>
</testsuite>
<testsuite name="dashboard-mobile.spec.ts" timestamp="2025-10-08T07:02:58.508Z" hostname="webkit" tests="1" failures="0" skipped="0" time="4.604" errors="0">
<testcase name="Dashboard Mobile Responsiveness › should display dashboard correctly on mobile (375px)" classname="dashboard-mobile.spec.ts" time="4.604">
</testcase>
</testsuite>
<testsuite name="dashboard-mobile.spec.ts" timestamp="2025-10-08T07:02:58.508Z" hostname="Mobile Chrome" tests="1" failures="0" skipped="0" time="4.281" errors="0">
<testcase name="Dashboard Mobile Responsiveness › should display dashboard correctly on mobile (375px)" classname="dashboard-mobile.spec.ts" time="4.281">
</testcase>
</testsuite>
<testsuite name="dashboard-mobile.spec.ts" timestamp="2025-10-08T07:02:58.508Z" hostname="Mobile Safari" tests="1" failures="0" skipped="0" time="4.582" errors="0">
<testcase name="Dashboard Mobile Responsiveness › should display dashboard correctly on mobile (375px)" classname="dashboard-mobile.spec.ts" time="4.582">
</testcase>
</testsuite>
<testsuite name="dashboard-mobile.spec.ts" timestamp="2025-10-08T07:02:58.508Z" hostname="Microsoft Edge" tests="1" failures="0" skipped="0" time="4.207" errors="0">
<testcase name="Dashboard Mobile Responsiveness › should display dashboard correctly on mobile (375px)" classname="dashboard-mobile.spec.ts" time="4.207">
</testcase>
</testsuite>
<testsuite name="dashboard-mobile.spec.ts" timestamp="2025-10-08T07:02:58.508Z" hostname="Google Chrome" tests="1" failures="0" skipped="0" time="1.253" errors="0">
<testcase name="Dashboard Mobile Responsiveness › should display dashboard correctly on mobile (375px)" classname="dashboard-mobile.spec.ts" time="1.253">
</testcase>
</testsuite>
</testsuites>